[C:/Users/rafae/OneDrive/Área de Trabalho/Cadastro/Cadastro/backblue.gif]
[C:/Users/rafae/OneDrive/Área de Trabalho/Cadastro/Cadastro/fade.gif]
[C:/Users/rafae/OneDrive/Área de Trabalho/Cadastro/Cadastro/index.html]
[C:/Users/rafae/OneDrive/Área de Trabalho/Cadastro/Cadastro/site-production-3217.up.railway.app/cadastro/fonts/JTUSjIg1_i6t8kCHKm459WRhyzbi.woff2]
[C:/Users/rafae/OneDrive/Área de Trabalho/Cadastro/Cadastro/site-production-3217.up.railway.app/cadastro/fonts/JTUSjIg1_i6t8kCHKm459W1hyzbi.woff2]
[C:/Users/rafae/OneDrive/Área de Trabalho/Cadastro/Cadastro/site-production-3217.up.railway.app/cadastro/fonts/JTUSjIg1_i6t8kCHKm459WZhyzbi.woff2]
[C:/Users/rafae/OneDrive/Área de Trabalho/Cadastro/Cadastro/site-production-3217.up.railway.app/cadastro/fonts/JTUSjIg1_i6t8kCHKm459Wdhyzbi.woff2]
[C:/Users/rafae/OneDrive/Área de Trabalho/Cadastro/Cadastro/site-production-3217.up.railway.app/cadastro/fonts/JTUSjIg1_i6t8kCHKm459Wlhyw.woff2]
[C:/Users/rafae/OneDrive/Área de Trabalho/Cadastro/Cadastro/site-production-3217.up.railway.app/cadastro/fonts/KFOmCnqEu92Fr1Mu72xKOzY.woff2]
[C:/Users/rafae/OneDrive/Área de Trabalho/Cadastro/Cadastro/site-production-3217.up.railway.app/cadastro/fonts/KFOmCnqEu92Fr1Mu5mxKOzY.woff2]
[C:/Users/rafae/OneDrive/Área de Trabalho/Cadastro/Cadastro/site-production-3217.up.railway.app/cadastro/fonts/KFOmCnqEu92Fr1Mu7mxKOzY.woff2]
[C:/Users/rafae/OneDrive/Área de Trabalho/Cadastro/Cadastro/site-production-3217.up.railway.app/cadastro/fonts/KFOmCnqEu92Fr1Mu4WxKOzY.woff2]
[C:/Users/rafae/OneDrive/Área de Trabalho/Cadastro/Cadastro/site-production-3217.up.railway.app/cadastro/fonts/KFOmCnqEu92Fr1Mu7WxKOzY.woff2]
[C:/Users/rafae/OneDrive/Área de Trabalho/Cadastro/Cadastro/site-production-3217.up.railway.app/cadastro/fonts/KFOmCnqEu92Fr1Mu7GxKOzY.woff2]
[C:/Users/rafae/OneDrive/Área de Trabalho/Cadastro/Cadastro/site-production-3217.up.railway.app/cadastro/fonts/KFOmCnqEu92Fr1Mu4mxK.woff2]
[C:/Users/rafae/OneDrive/Área de Trabalho/Cadastro/Cadastro/site-production-3217.up.railway.app/cadastro/fonts/KFOlCnqEu92Fr1MmEU9fCRc4EsA.woff2]
[C:/Users/rafae/OneDrive/Área de Trabalho/Cadastro/Cadastro/site-production-3217.up.railway.app/cadastro/fonts/KFOlCnqEu92Fr1MmEU9fABc4EsA.woff2]
[C:/Users/rafae/OneDrive/Área de Trabalho/Cadastro/Cadastro/site-production-3217.up.railway.app/cadastro/fonts/KFOlCnqEu92Fr1MmEU9fCBc4EsA.woff2]
[C:/Users/rafae/OneDrive/Área de Trabalho/Cadastro/Cadastro/site-production-3217.up.railway.app/cadastro/fonts/KFOlCnqEu92Fr1MmEU9fBxc4EsA.woff2]
[C:/Users/rafae/OneDrive/Área de Trabalho/Cadastro/Cadastro/site-production-3217.up.railway.app/cadastro/fonts/KFOlCnqEu92Fr1MmEU9fCxc4EsA.woff2]
[C:/Users/rafae/OneDrive/Área de Trabalho/Cadastro/Cadastro/site-production-3217.up.railway.app/cadastro/fonts/KFOlCnqEu92Fr1MmEU9fChc4EsA.woff2]
[C:/Users/rafae/OneDrive/Área de Trabalho/Cadastro/Cadastro/site-production-3217.up.railway.app/cadastro/fonts/KFOlCnqEu92Fr1MmEU9fBBc4.woff2]
[C:/Users/rafae/OneDrive/Área de Trabalho/Cadastro/Cadastro/site-production-3217.up.railway.app/cadastro/fonts/KFOlCnqEu92Fr1MmWUlfCRc4EsA.woff2]
[C:/Users/rafae/OneDrive/Área de Trabalho/Cadastro/Cadastro/site-production-3217.up.railway.app/cadastro/fonts/KFOlCnqEu92Fr1MmWUlfABc4EsA.woff2]
[C:/Users/rafae/OneDrive/Área de Trabalho/Cadastro/Cadastro/site-production-3217.up.railway.app/cadastro/fonts/KFOlCnqEu92Fr1MmWUlfCBc4EsA.woff2]
[C:/Users/rafae/OneDrive/Área de Trabalho/Cadastro/Cadastro/site-production-3217.up.railway.app/cadastro/fonts/KFOlCnqEu92Fr1MmWUlfBxc4EsA.woff2]
[C:/Users/rafae/OneDrive/Área de Trabalho/Cadastro/Cadastro/site-production-3217.up.railway.app/cadastro/fonts/KFOlCnqEu92Fr1MmWUlfCxc4EsA.woff2]
[C:/Users/rafae/OneDrive/Área de Trabalho/Cadastro/Cadastro/site-production-3217.up.railway.app/cadastro/fonts/KFOlCnqEu92Fr1MmWUlfChc4EsA.woff2]
[C:/Users/rafae/OneDrive/Área de Trabalho/Cadastro/Cadastro/site-production-3217.up.railway.app/cadastro/fonts/KFOlCnqEu92Fr1MmWUlfBBc4.woff2]
[C:/Users/rafae/OneDrive/Área de Trabalho/Cadastro/Cadastro/site-production-3217.up.railway.app/cadastro/images/investbackground.png]
[C:/Users/rafae/OneDrive/Área de Trabalho/Cadastro/Cadastro/site-production-3217.up.railway.app/cadastro/images/bncseg.png]
[C:/Users/rafae/OneDrive/Área de Trabalho/Cadastro/Cadastro/site-production-3217.up.railway.app/cadastro/images/logo.png]
[C:/Users/rafae/OneDrive/Área de Trabalho/Cadastro/Cadastro/site-production-3217.up.railway.app/cadastro/react.production.min.js.download]
[C:/Users/rafae/OneDrive/Área de Trabalho/Cadastro/Cadastro/site-production-3217.up.railway.app/cadastro/react-dom.production.min.js.download]
[C:/Users/rafae/OneDrive/Área de Trabalho/Cadastro/Cadastro/site-production-3217.up.railway.app/cadastro/prop-types.min.js.download]
[C:/Users/rafae/OneDrive/Área de Trabalho/Cadastro/Cadastro/site-production-3217.up.railway.app/cadastro/index.umd.js.download]
[C:/Users/rafae/OneDrive/Área de Trabalho/Cadastro/Cadastro/site-production-3217.up.railway.app/cadastro/Recharts.min.js.download]
[C:/Users/rafae/OneDrive/Área de Trabalho/Cadastro/Cadastro/site-production-3217.up.railway.app/cadastro/index.html]
[C:/Users/rafae/OneDrive/Área de Trabalho/Cadastro/Cadastro/site-production-3217.up.railway.app/cadastro/css/normalize.min.css]
[C:/Users/rafae/OneDrive/Área de Trabalho/Cadastro/Cadastro/site-production-3217.up.railway.app/cadastro/css/tailwind.min.css]
[C:/Users/rafae/OneDrive/Área de Trabalho/Cadastro/Cadastro/site-production-3217.up.railway.app/cadastro/css2]
[C:/Users/rafae/OneDrive/Área de Trabalho/Cadastro/Cadastro/site-production-3217.up.railway.app/cadastro/images/carbon-fibre.png]
[C:/Users/rafae/OneDrive/Área de Trabalho/Cadastro/Cadastro/site-production-3217.up.railway.app/cadastro/css/style.css]
[C:/Users/rafae/OneDrive/Área de Trabalho/Cadastro/Cadastro/site-production-3217.up.railway.app/_nuxt/img/bg.d97ec32.html]
[C:/Users/rafae/OneDrive/Área de Trabalho/Cadastro/Cadastro/site-production-3217.up.railway.app/_nuxt/img/bg.9c173a4.html]
[C:/Users/rafae/OneDrive/Área de Trabalho/Cadastro/Cadastro/site-production-3217.up.railway.app/_nuxt/img/bg-default-profile.3d5834d.html]
[C:/Users/rafae/OneDrive/Área de Trabalho/Cadastro/Cadastro/site-production-3217.up.railway.app/_nuxt/img/bg-default-large.83615e4.html]
[C:/Users/rafae/OneDrive/Área de Trabalho/Cadastro/Cadastro/site-production-3217.up.railway.app/_nuxt/img/bg-default-stories.1fcf6ab.html]
[C:/Users/rafae/OneDrive/Área de Trabalho/Cadastro/Cadastro/site-production-3217.up.railway.app/cadastro/script.js.download]
[C:/Users/rafae/OneDrive/Área de Trabalho/Cadastro/Cadastro/site-production-3217.up.railway.app/cadastro/chrome-extension_/hjbfbllnfhppnhjdhhbmjabikmkfekgf/windowscript.html]
