[C:/Users/rafae/OneDrive/Área de Trabalho/Pag2/Pagina2/backblue.gif]
[C:/Users/rafae/OneDrive/Área de Trabalho/Pag2/Pagina2/fade.gif]
[C:/Users/rafae/OneDrive/Área de Trabalho/Pag2/Pagina2/index.html]
[C:/Users/rafae/OneDrive/Área de Trabalho/Pag2/Pagina2/site-production-3217.up.railway.app/simulador/jquery.min.js.download]
[C:/Users/rafae/OneDrive/Área de Trabalho/Pag2/Pagina2/site-production-3217.up.railway.app/simulador/flatpickr.min.js.download]
[C:/Users/rafae/OneDrive/Área de Trabalho/Pag2/Pagina2/site-production-3217.up.railway.app/simulador/select2.min.js.download]
[C:/Users/rafae/OneDrive/Área de Trabalho/Pag2/Pagina2/site-production-3217.up.railway.app/simulador/css2]
[C:/Users/rafae/OneDrive/Área de Trabalho/Pag2/Pagina2/site-production-3217.up.railway.app/simulador/OneSignalSDK.js.download]
[C:/Users/rafae/OneDrive/Área de Trabalho/Pag2/Pagina2/site-production-3217.up.railway.app/simulador/OneSignalPageSDKES6.js.download]
[C:/Users/rafae/OneDrive/Área de Trabalho/Pag2/Pagina2/site-production-3217.up.railway.app/simulador/OneSignalPageSDKES6.js(1).download]
[C:/Users/rafae/OneDrive/Área de Trabalho/Pag2/Pagina2/site-production-3217.up.railway.app/simulador/fonts/JTUSjIg1_i6t8kCHKm459WRhyzbi.woff2]
[C:/Users/rafae/OneDrive/Área de Trabalho/Pag2/Pagina2/site-production-3217.up.railway.app/simulador/fonts/JTUSjIg1_i6t8kCHKm459W1hyzbi.woff2]
[C:/Users/rafae/OneDrive/Área de Trabalho/Pag2/Pagina2/site-production-3217.up.railway.app/simulador/fonts/JTUSjIg1_i6t8kCHKm459WZhyzbi.woff2]
[C:/Users/rafae/OneDrive/Área de Trabalho/Pag2/Pagina2/site-production-3217.up.railway.app/simulador/fonts/JTUSjIg1_i6t8kCHKm459Wdhyzbi.woff2]
[C:/Users/rafae/OneDrive/Área de Trabalho/Pag2/Pagina2/site-production-3217.up.railway.app/simulador/fonts/JTUSjIg1_i6t8kCHKm459Wlhyw.woff2]
[C:/Users/rafae/OneDrive/Área de Trabalho/Pag2/Pagina2/site-production-3217.up.railway.app/simulador/fonts/KFOmCnqEu92Fr1Mu72xKOzY.woff2]
[C:/Users/rafae/OneDrive/Área de Trabalho/Pag2/Pagina2/site-production-3217.up.railway.app/simulador/fonts/KFOmCnqEu92Fr1Mu5mxKOzY.woff2]
[C:/Users/rafae/OneDrive/Área de Trabalho/Pag2/Pagina2/site-production-3217.up.railway.app/simulador/fonts/KFOmCnqEu92Fr1Mu7mxKOzY.woff2]
[C:/Users/rafae/OneDrive/Área de Trabalho/Pag2/Pagina2/site-production-3217.up.railway.app/simulador/fonts/KFOmCnqEu92Fr1Mu4WxKOzY.woff2]
[C:/Users/rafae/OneDrive/Área de Trabalho/Pag2/Pagina2/site-production-3217.up.railway.app/simulador/fonts/KFOmCnqEu92Fr1Mu7WxKOzY.woff2]
[C:/Users/rafae/OneDrive/Área de Trabalho/Pag2/Pagina2/site-production-3217.up.railway.app/simulador/fonts/KFOmCnqEu92Fr1Mu7GxKOzY.woff2]
[C:/Users/rafae/OneDrive/Área de Trabalho/Pag2/Pagina2/site-production-3217.up.railway.app/simulador/fonts/KFOmCnqEu92Fr1Mu4mxK.woff2]
[C:/Users/rafae/OneDrive/Área de Trabalho/Pag2/Pagina2/site-production-3217.up.railway.app/simulador/fonts/KFOlCnqEu92Fr1MmEU9fCRc4EsA.woff2]
[C:/Users/rafae/OneDrive/Área de Trabalho/Pag2/Pagina2/site-production-3217.up.railway.app/simulador/fonts/KFOlCnqEu92Fr1MmEU9fABc4EsA.woff2]
[C:/Users/rafae/OneDrive/Área de Trabalho/Pag2/Pagina2/site-production-3217.up.railway.app/simulador/fonts/KFOlCnqEu92Fr1MmEU9fCBc4EsA.woff2]
[C:/Users/rafae/OneDrive/Área de Trabalho/Pag2/Pagina2/site-production-3217.up.railway.app/simulador/fonts/KFOlCnqEu92Fr1MmEU9fBxc4EsA.woff2]
[C:/Users/rafae/OneDrive/Área de Trabalho/Pag2/Pagina2/site-production-3217.up.railway.app/simulador/fonts/KFOlCnqEu92Fr1MmEU9fCxc4EsA.woff2]
[C:/Users/rafae/OneDrive/Área de Trabalho/Pag2/Pagina2/site-production-3217.up.railway.app/simulador/fonts/KFOlCnqEu92Fr1MmEU9fChc4EsA.woff2]
[C:/Users/rafae/OneDrive/Área de Trabalho/Pag2/Pagina2/site-production-3217.up.railway.app/simulador/fonts/KFOlCnqEu92Fr1MmEU9fBBc4.woff2]
[C:/Users/rafae/OneDrive/Área de Trabalho/Pag2/Pagina2/site-production-3217.up.railway.app/simulador/fonts/KFOlCnqEu92Fr1MmWUlfCRc4EsA.woff2]
[C:/Users/rafae/OneDrive/Área de Trabalho/Pag2/Pagina2/site-production-3217.up.railway.app/simulador/fonts/KFOlCnqEu92Fr1MmWUlfABc4EsA.woff2]
[C:/Users/rafae/OneDrive/Área de Trabalho/Pag2/Pagina2/site-production-3217.up.railway.app/simulador/fonts/KFOlCnqEu92Fr1MmWUlfCBc4EsA.woff2]
[C:/Users/rafae/OneDrive/Área de Trabalho/Pag2/Pagina2/site-production-3217.up.railway.app/simulador/fonts/KFOlCnqEu92Fr1MmWUlfBxc4EsA.woff2]
[C:/Users/rafae/OneDrive/Área de Trabalho/Pag2/Pagina2/site-production-3217.up.railway.app/simulador/fonts/KFOlCnqEu92Fr1MmWUlfCxc4EsA.woff2]
[C:/Users/rafae/OneDrive/Área de Trabalho/Pag2/Pagina2/site-production-3217.up.railway.app/simulador/fonts/KFOlCnqEu92Fr1MmWUlfChc4EsA.woff2]
[C:/Users/rafae/OneDrive/Área de Trabalho/Pag2/Pagina2/site-production-3217.up.railway.app/simulador/fonts/KFOlCnqEu92Fr1MmWUlfBBc4.woff2]
[C:/Users/rafae/OneDrive/Área de Trabalho/Pag2/Pagina2/site-production-3217.up.railway.app/simulador/images/logo-1.png]
[C:/Users/rafae/OneDrive/Área de Trabalho/Pag2/Pagina2/site-production-3217.up.railway.app/simulador/images/token.gif]
[C:/Users/rafae/OneDrive/Área de Trabalho/Pag2/Pagina2/site-production-3217.up.railway.app/simulador/images/dtyp-thumbup.webp]
[C:/Users/rafae/OneDrive/Área de Trabalho/Pag2/Pagina2/site-production-3217.up.railway.app/simulador/images/32bn.png]
[C:/Users/rafae/OneDrive/Área de Trabalho/Pag2/Pagina2/site-production-3217.up.railway.app/simulador/tv.js.download]
[C:/Users/rafae/OneDrive/Área de Trabalho/Pag2/Pagina2/site-production-3217.up.railway.app/simulador/frontend.min.js.download]
[C:/Users/rafae/OneDrive/Área de Trabalho/Pag2/Pagina2/site-production-3217.up.railway.app/simulador/scripts.js.download]
[C:/Users/rafae/OneDrive/Área de Trabalho/Pag2/Pagina2/site-production-3217.up.railway.app/simulador/retina.js.download]
[C:/Users/rafae/OneDrive/Área de Trabalho/Pag2/Pagina2/site-production-3217.up.railway.app/simulador/jquery.infinitescroll.min.js.download]
[C:/Users/rafae/OneDrive/Área de Trabalho/Pag2/Pagina2/site-production-3217.up.railway.app/simulador/comment-reply.min.js.download]
[C:/Users/rafae/OneDrive/Área de Trabalho/Pag2/Pagina2/site-production-3217.up.railway.app/simulador/utils.js.download]
[C:/Users/rafae/OneDrive/Área de Trabalho/Pag2/Pagina2/site-production-3217.up.railway.app/simulador/calc-investimentos.js.download]
[C:/Users/rafae/OneDrive/Área de Trabalho/Pag2/Pagina2/site-production-3217.up.railway.app/simulador/jquery.min.js(1).download]
[C:/Users/rafae/OneDrive/Área de Trabalho/Pag2/Pagina2/site-production-3217.up.railway.app/simulador/prescript.js.download]
[C:/Users/rafae/OneDrive/Área de Trabalho/Pag2/Pagina2/site-production-3217.up.railway.app/simulador/index.html]
[C:/Users/rafae/OneDrive/Área de Trabalho/Pag2/Pagina2/site-production-3217.up.railway.app/simulador/css/bootstrap-icons.css]
[C:/Users/rafae/OneDrive/Área de Trabalho/Pag2/Pagina2/site-production-3217.up.railway.app/simulador/Simulador de investimento _ Binance invest_files/classic-themes.min.html]
[C:/Users/rafae/OneDrive/Área de Trabalho/Pag2/Pagina2/site-production-3217.up.railway.app/simulador/simulador.html]
[C:/Users/rafae/OneDrive/Área de Trabalho/Pag2/Pagina2/site-production-3217.up.railway.app/simulador/Simulador de investimento _ Binance invest_files/frontend.min.html]
[C:/Users/rafae/OneDrive/Área de Trabalho/Pag2/Pagina2/site-production-3217.up.railway.app/simulador/css/flatpickr.min.css]
[C:/Users/rafae/OneDrive/Área de Trabalho/Pag2/Pagina2/site-production-3217.up.railway.app/simulador/css/select2.min.css]
[C:/Users/rafae/OneDrive/Área de Trabalho/Pag2/Pagina2/site-production-3217.up.railway.app/simulador/css/style.css]
[C:/Users/rafae/OneDrive/Área de Trabalho/Pag2/Pagina2/site-production-3217.up.railway.app/novosite/wp-content/uploads/2019/12/favicon-minas-capital-maior.html]
[C:/Users/rafae/OneDrive/Área de Trabalho/Pag2/Pagina2/site-production-3217.up.railway.app/simulador/css/lgpd-cookies.css]
[C:/Users/rafae/OneDrive/Área de Trabalho/Pag2/Pagina2/site-production-3217.up.railway.app/simulador/Simulador de investimento _ Binance invest_files/flatpickr.min.js.html]
[C:/Users/rafae/OneDrive/Área de Trabalho/Pag2/Pagina2/site-production-3217.up.railway.app/simulador/Simulador de investimento _ Binance invest_files/select2.min.js.html]
[C:/Users/rafae/OneDrive/Área de Trabalho/Pag2/Pagina2/site-production-3217.up.railway.app/simulador/Simulador de investimento _ Binance invest_files/OneSignalSDKStyles.html]
[C:/Users/rafae/OneDrive/Área de Trabalho/Pag2/Pagina2/site-production-3217.up.railway.app/simulador/index-2.html]
[C:/Users/rafae/OneDrive/Área de Trabalho/Pag2/Pagina2/site-production-3217.up.railway.app/simulador/saved_resource.html]
[C:/Users/rafae/OneDrive/Área de Trabalho/Pag2/Pagina2/site-production-3217.up.railway.app/simulador/css/fonts/bootstrap-icons289b.html]
[C:/Users/rafae/OneDrive/Área de Trabalho/Pag2/Pagina2/site-production-3217.up.railway.app/simulador/css/fonts/bootstrap-icons289b-2.html]
[C:/Users/rafae/OneDrive/Área de Trabalho/Pag2/Pagina2/site-production-3217.up.railway.app/simulador/index-3.html]
[C:/Users/rafae/OneDrive/Área de Trabalho/Pag2/Pagina2/site-production-3217.up.railway.app/simulador/cadastro.html]
[C:/Users/rafae/OneDrive/Área de Trabalho/Pag2/Pagina2/site-production-3217.up.railway.app/simulador/tell.html]
[C:/Users/rafae/OneDrive/Área de Trabalho/Pag2/Pagina2/site-production-3217.up.railway.app/simulador/_null.html]
[C:/Users/rafae/OneDrive/Área de Trabalho/Pag2/Pagina2/site-production-3217.up.railway.app/simulador/css/font-awesome/fonts/fontawesome-webfont5b62.html]
[C:/Users/rafae/OneDrive/Área de Trabalho/Pag2/Pagina2/site-production-3217.up.railway.app/simulador/css/font-awesome/fonts/fontawesome-webfontd41d.html]
[C:/Users/rafae/OneDrive/Área de Trabalho/Pag2/Pagina2/site-production-3217.up.railway.app/simulador/css/font-awesome/fonts/fontawesome-webfont5b62-2.html]
[C:/Users/rafae/OneDrive/Área de Trabalho/Pag2/Pagina2/site-production-3217.up.railway.app/simulador/css/font-awesome/fonts/fontawesome-webfont5b62-3.html]
[C:/Users/rafae/OneDrive/Área de Trabalho/Pag2/Pagina2/site-production-3217.up.railway.app/simulador/css/font-awesome/fonts/fontawesome-webfont5b62-4.html]
[C:/Users/rafae/OneDrive/Área de Trabalho/Pag2/Pagina2/site-production-3217.up.railway.app/simulador/css/font-awesome/fonts/fontawesome-webfont5b62-5.html]
[C:/Users/rafae/OneDrive/Área de Trabalho/Pag2/Pagina2/site-production-3217.up.railway.app/simulador/css/images/insta-bg.html]
[C:/Users/rafae/OneDrive/Área de Trabalho/Pag2/Pagina2/site-production-3217.up.railway.app/simulador/css/images/fire.html]
[C:/Users/rafae/OneDrive/Área de Trabalho/Pag2/Pagina2/site-production-3217.up.railway.app/simulador/css/images/investflix.html]
[C:/Users/rafae/OneDrive/Área de Trabalho/Pag2/Pagina2/site-production-3217.up.railway.app/simulador/css/images/bg_header_investflix.html]
[C:/Users/rafae/OneDrive/Área de Trabalho/Pag2/Pagina2/site-production-3217.up.railway.app/simulador/css/images/banners/Custom.html]
[C:/Users/rafae/OneDrive/Área de Trabalho/Pag2/Pagina2/site-production-3217.up.railway.app/simulador/css/images/bg-investnews-letter.html]
[C:/Users/rafae/OneDrive/Área de Trabalho/Pag2/Pagina2/site-production-3217.up.railway.app/simulador/css/images/bg-investnews-letter-sucesso.html]
[C:/Users/rafae/OneDrive/Área de Trabalho/Pag2/Pagina2/site-production-3217.up.railway.app/simulador/css/images/bg-investnews-letter-erro.html]
[C:/Users/rafae/OneDrive/Área de Trabalho/Pag2/Pagina2/site-production-3217.up.railway.app/simulador/css/images/banners/newsletter.html]
[C:/Users/rafae/OneDrive/Área de Trabalho/Pag2/Pagina2/site-production-3217.up.railway.app/simulador/css/images/widgets/bg-rendafixa.html]
[C:/Users/rafae/OneDrive/Área de Trabalho/Pag2/Pagina2/site-production-3217.up.railway.app/simulador/css/images/widgets/icon-rendafixa.html]
[C:/Users/rafae/OneDrive/Área de Trabalho/Pag2/Pagina2/site-production-3217.up.railway.app/simulador/css/images/widgets/bg-smallcaps.html]
[C:/Users/rafae/OneDrive/Área de Trabalho/Pag2/Pagina2/site-production-3217.up.railway.app/simulador/css/images/widgets/icon-smallcaps.html]
[C:/Users/rafae/OneDrive/Área de Trabalho/Pag2/Pagina2/site-production-3217.up.railway.app/simulador/css/images/widgets/bg-dividendos.html]
[C:/Users/rafae/OneDrive/Área de Trabalho/Pag2/Pagina2/site-production-3217.up.railway.app/simulador/css/images/widgets/icon-dividendos.html]
[C:/Users/rafae/OneDrive/Área de Trabalho/Pag2/Pagina2/site-production-3217.up.railway.app/simulador/css/images/widgets/bg-fiis.html]
[C:/Users/rafae/OneDrive/Área de Trabalho/Pag2/Pagina2/site-production-3217.up.railway.app/simulador/css/images/widgets/icon-fiis.html]
[C:/Users/rafae/OneDrive/Área de Trabalho/Pag2/Pagina2/site-production-3217.up.railway.app/simulador/css/images/widgets/bg-simulador-carteiras.html]
[C:/Users/rafae/OneDrive/Área de Trabalho/Pag2/Pagina2/site-production-3217.up.railway.app/simulador/css/images/widgets/icon-simulador-carteiras.html]
[C:/Users/rafae/OneDrive/Área de Trabalho/Pag2/Pagina2/site-production-3217.up.railway.app/simulador/css/images/widgets/bg-comparador-fundos.html]
[C:/Users/rafae/OneDrive/Área de Trabalho/Pag2/Pagina2/site-production-3217.up.railway.app/simulador/css/images/widgets/icon-comparador-fundos.html]
[C:/Users/rafae/OneDrive/Área de Trabalho/Pag2/Pagina2/site-production-3217.up.railway.app/simulador/css/images/widgets/bg-simulador-aposentadoria.html]
[C:/Users/rafae/OneDrive/Área de Trabalho/Pag2/Pagina2/site-production-3217.up.railway.app/simulador/css/images/widgets/icon-simulador-aposentadoria.html]
[C:/Users/rafae/OneDrive/Área de Trabalho/Pag2/Pagina2/site-production-3217.up.railway.app/simulador/css/images/widgets/bg-simulador-investimento.html]
[C:/Users/rafae/OneDrive/Área de Trabalho/Pag2/Pagina2/site-production-3217.up.railway.app/simulador/css/images/widgets/icon-simulador-investimento.html]
[C:/Users/rafae/OneDrive/Área de Trabalho/Pag2/Pagina2/site-production-3217.up.railway.app/simulador/css/images/widgets/bg-comparador-transporte.html]
[C:/Users/rafae/OneDrive/Área de Trabalho/Pag2/Pagina2/site-production-3217.up.railway.app/simulador/css/images/widgets/icon-comparador-transporte.html]
[C:/Users/rafae/OneDrive/Área de Trabalho/Pag2/Pagina2/site-production-3217.up.railway.app/simulador/css/images/widgets/bg-calculadora-pet.html]
[C:/Users/rafae/OneDrive/Área de Trabalho/Pag2/Pagina2/site-production-3217.up.railway.app/simulador/css/images/widgets/icon-calculadora-pet.html]
[C:/Users/rafae/OneDrive/Área de Trabalho/Pag2/Pagina2/site-production-3217.up.railway.app/simulador/css/images/widgets/bg-simulador-tesouro.html]
[C:/Users/rafae/OneDrive/Área de Trabalho/Pag2/Pagina2/site-production-3217.up.railway.app/simulador/css/images/widgets/icon-simulador-tesouro.html]
[C:/Users/rafae/OneDrive/Área de Trabalho/Pag2/Pagina2/site-production-3217.up.railway.app/simulador/css/images/widgets/bg-card-copa.html]
[C:/Users/rafae/OneDrive/Área de Trabalho/Pag2/Pagina2/site-production-3217.up.railway.app/simulador/css/images/widgets/icon-copa-probabilidades.html]
[C:/Users/rafae/OneDrive/Área de Trabalho/Pag2/Pagina2/site-production-3217.up.railway.app/simulador/css/images/widgets/icon-copa-fasedegrupos.html]
[C:/Users/rafae/OneDrive/Área de Trabalho/Pag2/Pagina2/site-production-3217.up.railway.app/simulador/css/images/widgets/icon-copa-curiosidades.html]
[C:/Users/rafae/OneDrive/Área de Trabalho/Pag2/Pagina2/site-production-3217.up.railway.app/simulador/css/images/widgets/icon-copa-noticias.html]
[C:/Users/rafae/OneDrive/Área de Trabalho/Pag2/Pagina2/corretorabinance.com/wp-content/cache/min/1/web/buttons/js/flbuttons.mine0fb.js]
[C:/Users/rafae/OneDrive/Área de Trabalho/Pag2/Pagina2/corretorabinance.com/wp-content/plugins/wp-user-avatar/assets/js/frontend.min.js]
